********************************************************************
I/O Bank Report - Date: Wed Mar 02 20:43:21 2016
Product: Designer
Release: v11.6 SP1
Version: 11.6.1.6
Design Name: led_igloo
Family: IGLOO2
Die: M2GL050T
Package: 896 FBGA
********************************************************************


I/O Function:

    Type                                  | w/o register  | w/ register  | w/ DDR register
    --------------------------------------|---------------|--------------|----------------
    Input I/O                             | 37            | 0            | 0
    Output I/O                            | 145           | 0            | 0
    Bidirectional I/O                     | 0             | 0            | 0
    Differential Input I/O Pairs          | 0             | 0            | 0
    Differential Output I/O Pairs         | 0             | 0            | 0

I/O Technology:

                                    |   Voltages    |             I/Os              
    --------------------------------|-------|-------|-------|--------|--------------
    I/O Standard(s)                 | Vddi  | Vref  | Input | Output | Bidirectional
    --------------------------------|-------|-------|-------|--------|--------------
    LVCMOS33                        | 3.30v | N/A   | 33    | 93     | 0            
    LVCMOS25                        | 2.50v | N/A   | 4     | 52     | 0            

I/O Bank Resource Usage:

          |   Voltages    | Single I/Os  | Diff I/O Pairs |        Vref I/Os        |  Type   
          |-------|-------|------|-------|-------|--------|------|-------|----------|---------
          | Vddi  | Vref  | Used | Total | Used  | Total  | Used | Total | Vref Pins|         
    ------|-------|-------|------|-------|-------|--------|------|-------|----------|---------
    Bank0 | 2.50v | N/A   | 48   | 88    | 0     | 44     | N/A  | N/A   | N/A      | DDRIO   
    Bank1 | 3.30v | N/A   | 17   | 21    | 0     | 10     | N/A  | N/A   | N/A      | MSIO    
    Bank2 | 3.30v | N/A   | 26   | 26    | 0     | 13     | N/A  | N/A   | N/A      | MSIO    
    Bank3 | 3.30v | N/A   | 42   | 46    | 0     | 23     | N/A  | N/A   | N/A      | MSIO    
    Bank4 | N/A   | N/A   | 0    | 0     | 0     | 0      | N/A  | N/A   | N/A      | JTAG    
    Bank5 | N/A   | N/A   | 0    | 88    | 0     | 44     | N/A  | N/A   | N/A      | DDRIO   
    Bank6 | 2.50v | N/A   | 4    | 4     | 0     | 2      | N/A  | N/A   | N/A      | MSIOD   
    Bank7 | N/A   | N/A   | 0    | 54    | 0     | 27     | N/A  | N/A   | N/A      | MSIOD   
    Bank8 | 3.30v | N/A   | 41   | 46    | 0     | 23     | N/A  | N/A   | N/A      | MSIO    
    Bank9 | 2.50v | N/A   | 4    | 4     | 0     | 2      | N/A  | N/A   | N/A      | MSIOD   


I/O Voltage Usage:

       Voltages    |     I/Os     
    -------|-------|------|-------
     Vddi  | Vref  | Used | Total 
    -------|-------|------|-------
     2.50v | N/A   | 56   | 96    
     3.30v | N/A   | 126  | 139   

