*****************************************************************
Pin Report - Date: Wed Mar 02 20:43:21 2016 Pinchecksum: NOT-AVAILABLE
Product: Designer
Release: v11.6 SP1
Version: 11.6.1.6
Design Name: led_igloo
Family: IGLOO2
Die: M2GL050T
Package: 896 FBGA
*****************************************************************

Port          |Pin  |Fixed |Function                                |Bank     |I/O Std   |Direction                      |I/O state in Flash*Freeze mode |Resistor Pull                      |I/O available in Flash*Freeze mode |Schmitt Trigger |Odt_Static    |Odt Imp (Ohm)  |Low Power Exit |Input Delay |Slew         |Pre-Emphasis      |Output Drive (mA) |Output Load (pF) |
--------------|-----|------|----------------------------------------|---------|----------|-------------------------------|-------------------------------|-----------------------------------|-----------------------------------|----------------|--------------|---------------|---------------|------------|-------------|------------------|------------------|-----------------|
adc_clk        G1    Yes    MSIO100NB8                               Bank8     LVCMOS33   Input                           TRISTATE                        None                                No                                  Off              ---            ---             Off             Off          ---           ---                ---                ---               
adc_d0[0]      R28   Yes    MSIO24NB3                                Bank3     LVCMOS33   Input                           TRISTATE                        None                                No                                  Off              ---            ---             Off             Off          ---           ---                ---                ---               
adc_d0[1]      P26   Yes    MSIO27PB2                                Bank2     LVCMOS33   Input                           TRISTATE                        None                                No                                  Off              ---            ---             Off             Off          ---           ---                ---                ---               
adc_d0[2]      R25   Yes    MSIO23PB3                                Bank3     LVCMOS33   Input                           TRISTATE                        None                                No                                  Off              ---            ---             Off             Off          ---           ---                ---                ---               
adc_d0[3]      N24   Yes    MSIO36PB2                                Bank2     LVCMOS33   Input                           TRISTATE                        None                                No                                  Off              ---            ---             Off             Off          ---           ---                ---                ---               
adc_d0[4]      T27   Yes    MSIO21NB3                                Bank3     LVCMOS33   Input                           TRISTATE                        None                                No                                  Off              ---            ---             Off             Off          ---           ---                ---                ---               
adc_d0[5]      T28   Yes    MSIO20NB3/GB13/VCCC_SE1_CLKI             Bank3     LVCMOS33   Input                           TRISTATE                        None                                No                                  Off              ---            ---             Off             Off          ---           ---                ---                ---               
adc_d0[6]      W25   Yes    MSIO4PB3                                 Bank3     LVCMOS33   Input                           TRISTATE                        None                                No                                  Off              ---            ---             Off             Off          ---           ---                ---                ---               
adc_d0[7]      Y25   Yes    MSIO3NB3                                 Bank3     LVCMOS33   Input                           TRISTATE                        None                                No                                  Off              ---            ---             Off             Off          ---           ---                ---                ---               
adc_d0[8]      U25   Yes    MSIO19PB3                                Bank3     LVCMOS33   Input                           TRISTATE                        None                                No                                  Off              ---            ---             Off             Off          ---           ---                ---                ---               
adc_d0[9]      R24   Yes    MSIO24PB3                                Bank3     LVCMOS33   Input                           TRISTATE                        None                                No                                  Off              ---            ---             Off             Off          ---           ---                ---                ---               
adc_d0[10]     P23   Yes    MSIO32PB2                                Bank2     LVCMOS33   Input                           TRISTATE                        None                                No                                  Off              ---            ---             Off             Off          ---           ---                ---                ---               
adc_d0[11]     AF1   Yes    MSIOD146PB6/SERDES_0_REFCLK1_P           Bank6     LVCMOS25   Input                           TRISTATE                        None                                No                                  Off              ---            ---             Off             Off          ---           ---                ---                ---               
adc_d0[12]     L1    Yes    MSIO104NB8                               Bank8     LVCMOS33   Input                           TRISTATE                        None                                No                                  Off              ---            ---             Off             Off          ---           ---                ---                ---               
adc_d0[13]     L2    Yes    MSIO103PB8                               Bank8     LVCMOS33   Input                           TRISTATE                        None                                No                                  Off              ---            ---             Off             Off          ---           ---                ---                ---               
adc_oen        N25   Yes    MSIO35PB2                                Bank2     LVCMOS33   Input                           TRISTATE                        None                                No                                  Off              ---            ---             Off             Off          ---           ---                ---                ---               
adc_of         J1    Yes    MSIO102PB8                               Bank8     LVCMOS33   Input                           TRISTATE                        None                                No                                  Off              ---            ---             Off             Off          ---           ---                ---                ---               
adc_shdn       H1    Yes    MSIO99PB8                                Bank8     LVCMOS33   Output                          TRISTATE                        None                                No                                  ---              ---            ---             ---             ---          ---           ---                4                  5                 
ANTF_n1        W24   Yes    MSIO3PB3                                 Bank3     LVCMOS33   Input                           TRISTATE                        None                                No                                  Off              ---            ---             Off             Off          ---           ---                ---                ---               
ANTF_n2        R5    Yes    MSIO116NB8                               Bank8     LVCMOS33   Input                           TRISTATE                        None                                No                                  Off              ---            ---             Off             Off          ---           ---                ---                ---               
BW[0]          F18   Yes    DDRIO69NB0/MDDR_TMATCH_1_OUT             Bank0     LVCMOS25   Output                          TRISTATE                        None                                No                                  ---              ---            ---             ---             ---          SLOW          ---                4                  5                 
BW[1]          B18   Yes    DDRIO74NB0/MDDR_DQ17                     Bank0     LVCMOS25   Output                          TRISTATE                        None                                No                                  ---              ---            ---             ---             ---          SLOW          ---                4                  5                 
BW[2]          A9    Yes    DDRIO91PB0/GB0/CCC_NW0_CLKI3             Bank0     LVCMOS25   Output                          TRISTATE                        None                                No                                  ---              ---            ---             ---             ---          SLOW          ---                4                  5                 
BW[3]          B9    Yes    DDRIO91NB0/GB4/CCC_NW1_CLKI2             Bank0     LVCMOS25   Output                          TRISTATE                        None                                No                                  ---              ---            ---             ---             ---          SLOW          ---                4                  5                 
BW[4]          A10   Yes    DDRIO90PB0/MDDR_DQS_ECC                  Bank0     LVCMOS25   Output                          TRISTATE                        None                                No                                  ---              ---            ---             ---             ---          SLOW          ---                4                  5                 
BW[5]          B10   Yes    DDRIO90NB0/MDDR_DQS_ECC_N                Bank0     LVCMOS25   Output                          TRISTATE                        None                                No                                  ---              ---            ---             ---             ---          SLOW          ---                4                  5                 
BW[6]          F23   Yes    DDRIO54NB0/MDDR_ADDR6                    Bank0     LVCMOS25   Output                          TRISTATE                        None                                No                                  ---              ---            ---             ---             ---          SLOW          ---                4                  5                 
BW[7]          B19   Yes    DDRIO72NB0/MDDR_DQS2_N                   Bank0     LVCMOS25   Output                          TRISTATE                        None                                No                                  ---              ---            ---             ---             ---          SLOW          ---                4                  5                 
BW[8]          A11   Yes    DDRIO88PB0/MDDR_DQ_ECC3                  Bank0     LVCMOS25   Output                          TRISTATE                        None                                No                                  ---              ---            ---             ---             ---          SLOW          ---                4                  5                 
BW[9]          B11   Yes    DDRIO88NB0/MDDR_DQ_ECC2                  Bank0     LVCMOS25   Output                          TRISTATE                        None                                No                                  ---              ---            ---             ---             ---          SLOW          ---                4                  5                 
BW[10]         A19   Yes    DDRIO72PB0/MDDR_DQS2                     Bank0     LVCMOS25   Output                          TRISTATE                        None                                No                                  ---              ---            ---             ---             ---          SLOW          ---                4                  5                 
BW[11]         D11   Yes    DDRIO87NB0/MDDR_DQ_ECC0                  Bank0     LVCMOS25   Output                          TRISTATE                        None                                No                                  ---              ---            ---             ---             ---          SLOW          ---                4                  5                 
BW[12]         B20   Yes    DDRIO69PB0/MDDR_DQ23                     Bank0     LVCMOS25   Output                          TRISTATE                        None                                No                                  ---              ---            ---             ---             ---          SLOW          ---                4                  5                 
BW[13]         D21   Yes    DDRIO67PB0/MDDR_DQ26                     Bank0     LVCMOS25   Output                          TRISTATE                        None                                No                                  ---              ---            ---             ---             ---          SLOW          ---                4                  5                 
BW[14]         A22   Yes    DDRIO66NB0/MDDR_DQS3_N                   Bank0     LVCMOS25   Output                          TRISTATE                        None                                No                                  ---              ---            ---             ---             ---          SLOW          ---                4                  5                 
BW[15]         A26   Yes    DDRIO57PB0/MDDR_BA2                      Bank0     LVCMOS25   Output                          TRISTATE                        None                                No                                  ---              ---            ---             ---             ---          SLOW          ---                4                  5                 
BW[16]         A13   Yes    DDRIO84PB0/MDDR_DQS0                     Bank0     LVCMOS25   Output                          TRISTATE                        None                                No                                  ---              ---            ---             ---             ---          SLOW          ---                4                  5                 
BW[17]         B13   Yes    DDRIO84NB0/MDDR_DQS0_N                   Bank0     LVCMOS25   Output                          TRISTATE                        None                                No                                  ---              ---            ---             ---             ---          SLOW          ---                4                  5                 
BW[18]         A23   Yes    DDRIO64PB0/MDDR_DQ28                     Bank0     LVCMOS25   Output                          TRISTATE                        None                                No                                  ---              ---            ---             ---             ---          SLOW          ---                4                  5                 
BW[19]         A14   Yes    DDRIO83NB0/MDDR_DQ4                      Bank0     LVCMOS25   Output                          TRISTATE                        None                                No                                  ---              ---            ---             ---             ---          SLOW          ---                4                  5                 
BW[20]         D9    Yes    DDRIO92NB0/CCC_NW0_CLKI2                 Bank0     LVCMOS25   Output                          TRISTATE                        None                                No                                  ---              ---            ---             ---             ---          SLOW          ---                4                  5                 
BW[21]         D22   Yes    DDRIO65NB0/MDDR_DM_RDQS3                 Bank0     LVCMOS25   Output                          TRISTATE                        None                                No                                  ---              ---            ---             ---             ---          SLOW          ---                4                  5                 
BW[22]         B14   Yes    DDRIO81PB0/MDDR_DQ7                      Bank0     LVCMOS25   Output                          TRISTATE                        None                                No                                  ---              ---            ---             ---             ---          SLOW          ---                4                  5                 
BW[23]         E18   Yes    DDRIO73NB0/MDDR_DQ19                     Bank0     LVCMOS25   Output                          TRISTATE                        None                                No                                  ---              ---            ---             ---             ---          SLOW          ---                4                  5                 
BW[24]         A15   Yes    DDRIO80PB0/MDDR_DQ8                      Bank0     LVCMOS25   Output                          TRISTATE                        None                                No                                  ---              ---            ---             ---             ---          SLOW          ---                4                  5                 
BW[25]         B15   Yes    DDRIO80NB0/MDDR_DQ9                      Bank0     LVCMOS25   Output                          TRISTATE                        None                                No                                  ---              ---            ---             ---             ---          SLOW          ---                4                  5                 
BW[26]         A24   Yes    DDRIO60PB0/MDDR_RESET_N                  Bank0     LVCMOS25   Output                          TRISTATE                        None                                No                                  ---              ---            ---             ---             ---          SLOW          ---                4                  5                 
BW[27]         F21   Yes    DDRIO65PB0/MDDR_TMATCH_1_IN              Bank0     LVCMOS25   Output                          TRISTATE                        None                                No                                  ---              ---            ---             ---             ---          SLOW          ---                4                  5                 
BW[28]         D19   Yes    DDRIO71PB0/MDDR_DM_RDQS2                 Bank0     LVCMOS25   Output                          TRISTATE                        None                                No                                  ---              ---            ---             ---             ---          SLOW          ---                4                  5                 
BW[29]         E25   Yes    DDRIO53PB0/MDDR_ODT                      Bank0     LVCMOS25   Output                          TRISTATE                        None                                No                                  ---              ---            ---             ---             ---          SLOW          ---                4                  5                 
BW[30]         E21   Yes    DDRIO67NB0/MDDR_DQ27                     Bank0     LVCMOS25   Output                          TRISTATE                        None                                No                                  ---              ---            ---             ---             ---          SLOW          ---                4                  5                 
BW[31]         E24   Yes    DDRIO53NB0/MDDR_ADDR7                    Bank0     LVCMOS25   Output                          TRISTATE                        None                                No                                  ---              ---            ---             ---             ---          SLOW          ---                4                  5                 
BW[32]         A20   Yes    DDRIO71NB0/MDDR_DQ20                     Bank0     LVCMOS25   Output                          TRISTATE                        None                                No                                  ---              ---            ---             ---             ---          SLOW          ---                4                  5                 
BW[33]         E29   Yes    DDRIO61PB0/MDDR_CKE                      Bank0     LVCMOS25   Output                          TRISTATE                        None                                No                                  ---              ---            ---             ---             ---          SLOW          ---                4                  5                 
BW[34]         A18   Yes    DDRIO74PB0/MDDR_DQ16                     Bank0     LVCMOS25   Output                          TRISTATE                        None                                No                                  ---              ---            ---             ---             ---          SLOW          ---                4                  5                 
BW_36          A25   Yes    DDRIO59PB0/MDDR_CLK                      Bank0     LVCMOS25   Output                          TRISTATE                        None                                No                                  ---              ---            ---             ---             ---          SLOW          ---                4                  5                 
clk_out_n1     J4    Yes    MSIO98NB8                                Bank8     LVCMOS33   Output                          TRISTATE                        None                                No                                  ---              ---            ---             ---             ---          ---           ---                4                  5                 
clk_out_n2     P9    Yes    MSIO116PB8/CCC_NW1_CLKI0                 Bank8     LVCMOS33   Output                          TRISTATE                        None                                No                                  ---              ---            ---             ---             ---          ---           ---                4                  5                 
CSN_n1         P6    Yes    MSIO105PB8                               Bank8     LVCMOS33   Output                          TRISTATE                        None                                No                                  ---              ---            ---             ---             ---          ---           ---                4                  5                 
CTR1           M2    Yes    MSIO107NB8                               Bank8     LVCMOS33   Output                          TRISTATE                        None                                No                                  ---              ---            ---             ---             ---          ---           ---                4                  5                 
CTR2           J2    Yes    MSIO102NB8                               Bank8     LVCMOS33   Output                          TRISTATE                        None                                No                                  ---              ---            ---             ---             ---          ---           ---                4                  5                 
CTR3           G2    Yes    MSIO95PB8                                Bank8     LVCMOS33   Output                          TRISTATE                        None                                No                                  ---              ---            ---             ---             ---          ---           ---                4                  5                 
CTR4           F2    Yes    MSIO108NB8                               Bank8     LVCMOS33   Output                          TRISTATE                        None                                No                                  ---              ---            ---             ---             ---          ---           ---                4                  5                 
CTR5           F1    Yes    MSIOD94PB9/SERDES_1_REFCLK0_P            Bank9     LVCMOS25   Output                          TRISTATE                        None                                No                                  ---              ---            ---             ---             ---          SLOW          ---                4                  5                 
CTR6           M26   Yes    MSIO36NB2                                Bank2     LVCMOS33   Output                          TRISTATE                        None                                No                                  ---              ---            ---             ---             ---          ---           ---                4                  5                 
CTR7           E1    Yes    MSIOD94NB9/SERDES_1_REFCLK0_N            Bank9     LVCMOS25   Output                          TRISTATE                        None                                No                                  ---              ---            ---             ---             ---          SLOW          ---                4                  5                 
dac1_clk       M4    Yes    MSIO106NB8                               Bank8     LVCMOS33   Output                          TRISTATE                        None                                No                                  ---              ---            ---             ---             ---          ---           ---                4                  5                 
dac1_db[5]     P27   Yes    MSIO27NB2                                Bank2     LVCMOS33   Output                          TRISTATE                        None                                No                                  ---              ---            ---             ---             ---          ---           ---                4                  5                 
dac1_db[6]     L7    Yes    MSIOD93NB9/SERDES_1_REFCLK1_N            Bank9     LVCMOS25   Output                          TRISTATE                        None                                No                                  ---              ---            ---             ---             ---          SLOW          ---                4                  5                 
dac1_db[7]     M8    Yes    MSIO97PB8                                Bank8     LVCMOS33   Output                          TRISTATE                        None                                No                                  ---              ---            ---             ---             ---          ---           ---                4                  5                 
dac1_db[8]     N6    Yes    MSIO100PB8                               Bank8     LVCMOS33   Output                          TRISTATE                        None                                No                                  ---              ---            ---             ---             ---          ---           ---                4                  5                 
dac1_db[9]     L6    Yes    MSIOD93PB9/SERDES_1_REFCLK1_P            Bank9     LVCMOS25   Output                          TRISTATE                        None                                No                                  ---              ---            ---             ---             ---          SLOW          ---                4                  5                 
dac1_db[10]    P7    Yes    MSIO108PB8                               Bank8     LVCMOS33   Output                          TRISTATE                        None                                No                                  ---              ---            ---             ---             ---          ---           ---                4                  5                 
dac1_db[11]    P8    Yes    MSIO112PB8                               Bank8     LVCMOS33   Output                          TRISTATE                        None                                No                                  ---              ---            ---             ---             ---          ---           ---                4                  5                 
dac1_db[12]    N7    Yes    MSIO96PB8                                Bank8     LVCMOS33   Output                          TRISTATE                        None                                No                                  ---              ---            ---             ---             ---          ---           ---                4                  5                 
dac1_db[13]    R8    Yes    MSIO113PB8                               Bank8     LVCMOS33   Output                          TRISTATE                        None                                No                                  ---              ---            ---             ---             ---          ---           ---                4                  5                 
dac1_sleep     H4    Yes    MSIO96NB8                                Bank8     LVCMOS33   Output                          TRISTATE                        None                                No                                  ---              ---            ---             ---             ---          ---           ---                4                  5                 
dac2_clk       G3    Yes    MSIO95NB8                                Bank8     LVCMOS33   Output                          TRISTATE                        None                                No                                  ---              ---            ---             ---             ---          ---           ---                4                  5                 
dsa_clk        P3    Yes    MSIO114PB8/GB6/CCC_NW1_CLKI1             Bank8     LVCMOS33   Output                          TRISTATE                        None                                No                                  ---              ---            ---             ---             ---          ---           ---                4                  5                 
dsa_data       W27   Yes    MSIO13PB3/SPI_0_SDO                      Bank3     LVCMOS33   Output                          TRISTATE                        None                                No                                  ---              ---            ---             ---             ---          ---           ---                4                  5                 
dsa_le         N8    Yes    MSIO101PB8                               Bank8     LVCMOS33   Output                          TRISTATE                        None                                No                                  ---              ---            ---             ---             ---          ---           ---                4                  5                 
en_modul       K5    Yes    MSIO97NB8                                Bank8     LVCMOS33   Output                          TRISTATE                        None                                No                                  ---              ---            ---             ---             ---          ---           ---                4                  5                 
fl_a[0]        W30   Yes    MSIO14NB3                                Bank3     LVCMOS33   Output                          TRISTATE                        None                                No                                  ---              ---            ---             ---             ---          ---           ---                4                  5                 
fl_a[1]        V30   Yes    MSIO18NB3                                Bank3     LVCMOS33   Output                          TRISTATE                        None                                No                                  ---              ---            ---             ---             ---          ---           ---                4                  5                 
fl_a[2]        R30   Yes    MSIO22NB3                                Bank3     LVCMOS33   Output                          TRISTATE                        None                                No                                  ---              ---            ---             ---             ---          ---           ---                4                  5                 
fl_a[3]        P29   Yes    MSIO25NB2                                Bank2     LVCMOS33   Output                          TRISTATE                        None                                No                                  ---              ---            ---             ---             ---          ---           ---                4                  5                 
fl_a[4]        R29   Yes    MSIO23NB3                                Bank3     LVCMOS33   Output                          TRISTATE                        None                                No                                  ---              ---            ---             ---             ---          ---           ---                4                  5                 
fl_a[5]        M27   Yes    MSIO32NB2                                Bank2     LVCMOS33   Output                          TRISTATE                        None                                No                                  ---              ---            ---             ---             ---          ---           ---                4                  5                 
fl_a[6]        N26   Yes    MSIO31NB2                                Bank2     LVCMOS33   Output                          TRISTATE                        None                                No                                  ---              ---            ---             ---             ---          ---           ---                4                  5                 
fl_a[7]        N30   Yes    MSIO26NB2                                Bank2     LVCMOS33   Output                          TRISTATE                        None                                No                                  ---              ---            ---             ---             ---          ---           ---                4                  5                 
fl_a[8]        K28   Yes    MSIO34NB2                                Bank2     LVCMOS33   Output                          TRISTATE                        None                                No                                  ---              ---            ---             ---             ---          ---           ---                4                  5                 
fl_a[9]        K30   Yes    MSIO37PB2                                Bank2     LVCMOS33   Output                          TRISTATE                        None                                No                                  ---              ---            ---             ---             ---          ---           ---                4                  5                 
fl_a[10]       J28   Yes    MSIO38NB1                                Bank1     LVCMOS33   Output                          TRISTATE                        None                                No                                  ---              ---            ---             ---             ---          ---           ---                4                  5                 
fl_a[11]       J26   Yes    MSIO43NB1                                Bank1     LVCMOS33   Output                          TRISTATE                        None                                No                                  ---              ---            ---             ---             ---          ---           ---                4                  5                 
fl_a[12]       M25   Yes    MSIO40PB1/CCC_NE1_CLKI1                  Bank1     LVCMOS33   Output                          TRISTATE                        None                                No                                  ---              ---            ---             ---             ---          ---           ---                4                  5                 
fl_a[13]       K29   Yes    MSIO37NB2                                Bank2     LVCMOS33   Output                          TRISTATE                        None                                No                                  ---              ---            ---             ---             ---          ---           ---                4                  5                 
fl_a[14]       J27   Yes    MSIO35NB2                                Bank2     LVCMOS33   Output                          TRISTATE                        None                                No                                  ---              ---            ---             ---             ---          ---           ---                4                  5                 
fl_a[15]       H30   Yes    MSIO41NB1                                Bank1     LVCMOS33   Output                          TRISTATE                        None                                No                                  ---              ---            ---             ---             ---          ---           ---                4                  5                 
fl_a[16]       H28   Yes    MSIO40NB1                                Bank1     LVCMOS33   Output                          TRISTATE                        None                                No                                  ---              ---            ---             ---             ---          ---           ---                4                  5                 
fl_a[17]       M28   Yes    MSIO30NB2                                Bank2     LVCMOS33   Output                          TRISTATE                        None                                No                                  ---              ---            ---             ---             ---          ---           ---                4                  5                 
fl_a[18]       P30   Yes    MSIO25PB2                                Bank2     LVCMOS33   Output                          TRISTATE                        None                                No                                  ---              ---            ---             ---             ---          ---           ---                4                  5                 
fl_a[19]       L28   Yes    MSIO34PB2                                Bank2     LVCMOS33   Output                          TRISTATE                        None                                No                                  ---              ---            ---             ---             ---          ---           ---                4                  5                 
fl_a[20]       V29   Yes    MSIO18PB3                                Bank3     LVCMOS33   Output                          TRISTATE                        None                                No                                  ---              ---            ---             ---             ---          ---           ---                4                  5                 
fl_a[21]       N28   Yes    MSIO29PB2                                Bank2     LVCMOS33   Output                          TRISTATE                        None                                No                                  ---              ---            ---             ---             ---          ---           ---                4                  5                 
fl_a[22]       J30   Yes    MSIO41PB1/GB10/VCCC_SE0_CLKI             Bank1     LVCMOS33   Output                          TRISTATE                        None                                No                                  ---              ---            ---             ---             ---          ---           ---                4                  5                 
fl_a[23]       J29   Yes    MSIO38PB1                                Bank1     LVCMOS33   Output                          TRISTATE                        None                                No                                  ---              ---            ---             ---             ---          ---           ---                4                  5                 
fl_a[24]       H29   Yes    MSIO42PB1/GB14/VCCC_SE1_CLKI             Bank1     LVCMOS33   Output                          TRISTATE                        None                                No                                  ---              ---            ---             ---             ---          ---           ---                4                  5                 
fl_a[25]       G30   Yes    MSIO45PB1                                Bank1     LVCMOS33   Output                          TRISTATE                        None                                No                                  ---              ---            ---             ---             ---          ---           ---                4                  5                 
fl_byten       AD30  Yes    MSIO5PB3                                 Bank3     LVCMOS33   Output                          TRISTATE                        None                                No                                  ---              ---            ---             ---             ---          ---           ---                4                  5                 
fl_cen         N27   Yes    MSIO30PB2                                Bank2     LVCMOS33   Output                          TRISTATE                        None                                No                                  ---              ---            ---             ---             ---          ---           ---                4                  5                 
fl_dq[0]       U30   Yes    MSIO19NB3                                Bank3     LVCMOS33   Output                          TRISTATE                        None                                No                                  ---              ---            ---             ---             ---          ---           ---                4                  5                 
fl_dq[1]       AA28  Yes    MSIO7NB3                                 Bank3     LVCMOS33   Output                          TRISTATE                        None                                No                                  ---              ---            ---             ---             ---          ---           ---                4                  5                 
fl_dq[2]       T30   Yes    MSIO22PB3                                Bank3     LVCMOS33   Output                          TRISTATE                        None                                No                                  ---              ---            ---             ---             ---          ---           ---                4                  5                 
fl_dq[3]       Y30   Yes    MSIO12NB3/SPI_0_SDI                      Bank3     LVCMOS33   Output                          TRISTATE                        None                                No                                  ---              ---            ---             ---             ---          ---           ---                4                  5                 
fl_dq[4]       F30   Yes    MSIO45NB1                                Bank1     LVCMOS33   Output                          TRISTATE                        None                                No                                  ---              ---            ---             ---             ---          ---           ---                4                  5                 
fl_dq[5]       AA29  Yes    MSIO8NB3                                 Bank3     LVCMOS33   Output                          TRISTATE                        None                                No                                  ---              ---            ---             ---             ---          ---           ---                4                  5                 
fl_dq[6]       G29   Yes    MSIO42NB1                                Bank1     LVCMOS33   Output                          TRISTATE                        None                                No                                  ---              ---            ---             ---             ---          ---           ---                4                  5                 
fl_dq[7]       W28   Yes    MSIO13NB3/SPI_0_SS0                      Bank3     LVCMOS33   Output                          TRISTATE                        None                                No                                  ---              ---            ---             ---             ---          ---           ---                4                  5                 
fl_oen         W29   Yes    MSIO14PB3                                Bank3     LVCMOS33   Output                          TRISTATE                        None                                No                                  ---              ---            ---             ---             ---          ---           ---                4                  5                 
fl_resetn      L29   Yes    MSIO33NB2                                Bank2     LVCMOS33   Output                          TRISTATE                        None                                No                                  ---              ---            ---             ---             ---          ---           ---                4                  5                 
fl_ryby        M30   Yes    MSIO29NB2                                Bank2     LVCMOS33   Output                          TRISTATE                        None                                No                                  ---              ---            ---             ---             ---          ---           ---                4                  5                 
fl_wen         L30   Yes    MSIO33PB2                                Bank2     LVCMOS33   Output                          TRISTATE                        None                                No                                  ---              ---            ---             ---             ---          ---           ---                4                  5                 
fl_wpn         N29   Yes    MSIO28NB2                                Bank2     LVCMOS33   Output                          TRISTATE                        None                                No                                  ---              ---            ---             ---             ---          ---           ---                4                  5                 
GPIO1          AB26  No     MSIO0NB3                                 Bank3     LVCMOS33   Output                          TRISTATE                        None                                No                                  ---              ---            ---             ---             ---          ---           ---                4                  5                 
GPIO2          M3    No     MSIO106PB8                               Bank8     LVCMOS33   Output                          TRISTATE                        None                                No                                  ---              ---            ---             ---             ---          ---           ---                4                  5                 
GPIO3          E23   Yes    DDRIO63PB0/MDDR_DQ30                     Bank0     LVCMOS25   Output                          TRISTATE                        None                                No                                  ---              ---            ---             ---             ---          SLOW          ---                4                  5                 
GPIO4          C30   Yes    DDRIO62NB0/MDDR_WE_N                     Bank0     LVCMOS25   Output                          TRISTATE                        None                                No                                  ---              ---            ---             ---             ---          SLOW          ---                4                  5                 
GPIO5          D23   Yes    DDRIO63NB0/MDDR_DQ31                     Bank0     LVCMOS25   Output                          TRISTATE                        None                                No                                  ---              ---            ---             ---             ---          SLOW          ---                4                  5                 
GPIO6          D13   Yes    DDRIO83PB0/MDDR_DM_RDQS0                 Bank0     LVCMOS25   Output                          TRISTATE                        None                                No                                  ---              ---            ---             ---             ---          SLOW          ---                4                  5                 
GPIO7          V24   No     MSIO8PB3                                 Bank3     LVCMOS33   Output                          TRISTATE                        None                                No                                  ---              ---            ---             ---             ---          ---           ---                4                  5                 
GPIO8          F15   Yes    DDRIO77PB0/MDDR_TMATCH_0_IN              Bank0     LVCMOS25   Output                          TRISTATE                        None                                No                                  ---              ---            ---             ---             ---          SLOW          ---                4                  5                 
GPIO9          B17   Yes    DDRIO76NB0/MDDR_DQ13                     Bank0     LVCMOS25   Output                          TRISTATE                        None                                No                                  ---              ---            ---             ---             ---          SLOW          ---                4                  5                 
GPIO10         B16   Yes    DDRIO78NB0/MDDR_DQS1_N                   Bank0     LVCMOS25   Output                          TRISTATE                        None                                No                                  ---              ---            ---             ---             ---          SLOW          ---                4                  5                 
GPIO11         A17   Yes    DDRIO76PB0/GB12/CCC_NE1_CLKI2/MDDR_DQ12  Bank0     LVCMOS25   Output                          TRISTATE                        None                                No                                  ---              ---            ---             ---             ---          SLOW          ---                4                  5                 
GPIO12         F11   Yes    DDRIO92PB0/MDDR_TMATCH_ECC_OUT           Bank0     LVCMOS25   Output                          TRISTATE                        None                                No                                  ---              ---            ---             ---             ---          SLOW          ---                4                  5                 
GPIO14         D15   Yes    DDRIO79PB0/CCC_NE0_CLKI2/MDDR_DQ10       Bank0     LVCMOS25   Output                          TRISTATE                        None                                No                                  ---              ---            ---             ---             ---          SLOW          ---                4                  5                 
GPIO15         U24   Yes    MSIO15PB3                                Bank3     LVCMOS33   Output                          TRISTATE                        None                                No                                  ---              ---            ---             ---             ---          ---           ---                4                  5                 
GPIO16         A12   Yes    DDRIO86PB0/MDDR_DQ0                      Bank0     LVCMOS25   Output                          TRISTATE                        None                                No                                  ---              ---            ---             ---             ---          SLOW          ---                4                  5                 
GPIO17         A16   Yes    DDRIO78PB0/GB8/CCC_NE0_CLKI3/MDDR_DQS1   Bank0     LVCMOS25   Output                          TRISTATE                        None                                No                                  ---              ---            ---             ---             ---          SLOW          ---                4                  5                 
GPIO19         L26   Yes    MSIO39NB1                                Bank1     LVCMOS33   Output                          TRISTATE                        None                                No                                  ---              ---            ---             ---             ---          ---           ---                4                  5                 
GPIO20         L3    Yes    MSIO103NB8                               Bank8     LVCMOS33   Output                          TRISTATE                        None                                No                                  ---              ---            ---             ---             ---          ---           ---                4                  5                 
GPS1_I0        P25   Yes    MSIO28PB2                                Bank2     LVCMOS33   Input                           TRISTATE                        None                                No                                  Off              ---            ---             Off             Off          ---           ---                ---                ---               
GPS1_I1        V22   Yes    MSIO12PB3/SPI_0_CLK                      Bank3     LVCMOS33   Input                           TRISTATE                        None                                No                                  Off              ---            ---             Off             Off          ---           ---                ---                ---               
GPS1_IDLE      R6    Yes    MSIO117NB8                               Bank8     LVCMOS33   Output                          TRISTATE                        None                                No                                  ---              ---            ---             ---             ---          ---           ---                4                  5                 
GPS1_LD        K24   Yes    MSIO48NB1                                Bank1     LVCMOS33   Input                           TRISTATE                        None                                No                                  Off              ---            ---             Off             Off          ---           ---                ---                ---               
GPS1_PGM       W23   Yes    MSIO7PB3                                 Bank3     LVCMOS33   Output                          TRISTATE                        None                                No                                  ---              ---            ---             ---             ---          ---           ---                4                  5                 
GPS1_Q0        Y22   Yes    MSIO0PB3                                 Bank3     LVCMOS33   Input                           TRISTATE                        None                                No                                  Off              ---            ---             Off             Off          ---           ---                ---                ---               
GPS1_Q1        U23   Yes    MSIO16PB3                                Bank3     LVCMOS33   Input                           TRISTATE                        None                                No                                  Off              ---            ---             Off             Off          ---           ---                ---                ---               
GPS1_SCLK      P5    Yes    MSIO112NB8                               Bank8     LVCMOS33   Output                          TRISTATE                        None                                No                                  ---              ---            ---             ---             ---          ---           ---                4                  5                 
GPS1_SDATA     N4    Yes    MSIO110NB8                               Bank8     LVCMOS33   Output                          TRISTATE                        None                                No                                  ---              ---            ---             ---             ---          ---           ---                4                  5                 
GPS1_SHDN      N3    Yes    MSIO110PB8                               Bank8     LVCMOS33   Output                          TRISTATE                        None                                No                                  ---              ---            ---             ---             ---          ---           ---                4                  5                 
GPS2_LD        N5    Yes    MSIO109NB8                               Bank8     LVCMOS33   Input                           TRISTATE                        None                                No                                  Off              ---            ---             Off             Off          ---           ---                ---                ---               
GPS2_Q0        V10   Yes    MSIOD145NB6/SERDES_0_REFCLK0_N           Bank6     LVCMOS25   Input                           TRISTATE                        None                                No                                  Off              ---            ---             Off             Off          ---           ---                ---                ---               
GPS2_Q1        R9    Yes    MSIO117PB8/CCC_NW0_CLKI0                 Bank8     LVCMOS33   Input                           TRISTATE                        None                                No                                  Off              ---            ---             Off             Off          ---           ---                ---                ---               
GPS_I0         R7    Yes    MSIO109PB8                               Bank8     LVCMOS33   Input                           TRISTATE                        None                                No                                  Off              ---            ---             Off             Off          ---           ---                ---                ---               
GPS_I1         V9    Yes    MSIOD145PB6/SERDES_0_REFCLK0_P           Bank6     LVCMOS25   Input                           TRISTATE                        None                                No                                  Off              ---            ---             Off             Off          ---           ---                ---                ---               
oclk_1         L23   Yes    MSIO47PB1                                Bank1     LVCMOS33   Output                          TRISTATE                        None                                No                                  ---              ---            ---             ---             ---          ---           ---                4                  5                 
osc_vcc        N9    Yes    MSIO104PB8                               Bank8     LVCMOS33   Input                           TRISTATE                        None                                No                                  Off              ---            ---             Off             Off          ---           ---                ---                ---               
out1           K3    Yes    MSIO101NB8                               Bank8     LVCMOS33   Output                          TRISTATE                        None                                No                                  ---              ---            ---             ---             ---          ---           ---                4                  5                 
out2           N2    Yes    MSIO111NB8                               Bank8     LVCMOS33   Output                          TRISTATE                        None                                No                                  ---              ---            ---             ---             ---          ---           ---                4                  5                 
REF_CE         P2    Yes    MSIO115NB8                               Bank8     LVCMOS33   Output                          TRISTATE                        None                                No                                  ---              ---            ---             ---             ---          ---           ---                4                  5                 
REF_CLK        P4    Yes    MSIO114NB8                               Bank8     LVCMOS33   Output                          TRISTATE                        None                                No                                  ---              ---            ---             ---             ---          ---           ---                4                  5                 
REF_DATA       P1    Yes    MSIO115PB8/GB2/CCC_NW0_CLKI1             Bank8     LVCMOS33   Output                          TRISTATE                        None                                No                                  ---              ---            ---             ---             ---          ---           ---                4                  5                 
REF_LD         V23   Yes    MSIO11PB3/CCC_NE0_CLKI0                  Bank3     LVCMOS33   Output                          TRISTATE                        None                                No                                  ---              ---            ---             ---             ---          ---           ---                4                  5                 
REF_LE         M1    Yes    MSIO107PB8                               Bank8     LVCMOS33   Output                          TRISTATE                        None                                No                                  ---              ---            ---             ---             ---          ---           ---                4                  5                 
REF_MXOUT      P24   Yes    MSIO31PB2                                Bank2     LVCMOS33   Output                          TRISTATE                        None                                No                                  ---              ---            ---             ---             ---          ---           ---                4                  5                 
SENSE_CS_1     V28   Yes    MSIO17NB3                                Bank3     LVCMOS33   Output                          TRISTATE                        None                                No                                  ---              ---            ---             ---             ---          ---           ---                4                  5                 
SENSE_DIN[0]   V26   Yes    MSIO11NB3/CCC_NE1_CLKI0                  Bank3     LVCMOS33   Input                           TRISTATE                        None                                No                                  Off              ---            ---             Off             Off          ---           ---                ---                ---               
SENSE_DIN[1]   K23   Yes    MSIO48PB1                                Bank1     LVCMOS33   Input                           TRISTATE                        None                                No                                  Off              ---            ---             Off             Off          ---           ---                ---                ---               
SENSE_DOUT[0]  T26   Yes    MSIO21PB3                                Bank3     LVCMOS33   Output                          TRISTATE                        None                                No                                  ---              ---            ---             ---             ---          ---           ---                4                  5                 
SENSE_DOUT[1]  M24   Yes    MSIO43PB1                                Bank1     LVCMOS33   Output                          TRISTATE                        None                                No                                  ---              ---            ---             ---             ---          ---           ---                4                  5                 
sr_cs1n        AC30  Yes    MSIO5NB3                                 Bank3     LVCMOS33   Output                          TRISTATE                        None                                No                                  ---              ---            ---             ---             ---          ---           ---                4                  5                 
sr_cs2         AC29  Yes    MSIO1NB3                                 Bank3     LVCMOS33   Output                          TRISTATE                        None                                No                                  ---              ---            ---             ---             ---          ---           ---                4                  5                 
sr_lbn         AB30  Yes    MSIO6NB3                                 Bank3     LVCMOS33   Output                          TRISTATE                        None                                No                                  ---              ---            ---             ---             ---          ---           ---                4                  5                 
sr_oen         AB29  Yes    MSIO6PB3                                 Bank3     LVCMOS33   Output                          TRISTATE                        None                                No                                  ---              ---            ---             ---             ---          ---           ---                4                  5                 
sr_ubn         K25   Yes    MSIO44NB1                                Bank1     LVCMOS33   Output                          TRISTATE                        None                                No                                  ---              ---            ---             ---             ---          ---           ---                4                  5                 
sr_wen         T24   Yes    MSIO20PB3/GB9/VCCC_SE0_CLKI              Bank3     LVCMOS33   Output                          TRISTATE                        None                                No                                  ---              ---            ---             ---             ---          ---           ---                4                  5                 
temp1_so       U26   Yes    MSIO15NB3                                Bank3     LVCMOS33   Input                           TRISTATE                        None                                No                                  Off              ---            ---             Off             Off          ---           ---                ---                ---               
temp2_so       P28   Yes    MSIO26PB2                                Bank2     LVCMOS33   Input                           TRISTATE                        None                                No                                  Off              ---            ---             Off             Off          ---           ---                ---                ---               
temp3_so       V27   Yes    MSIO17PB3                                Bank3     LVCMOS33   Input                           TRISTATE                        None                                No                                  Off              ---            ---             Off             Off          ---           ---                ---                ---               
temp_csn       AE1   Yes    MSIOD146NB6/SERDES_0_REFCLK1_N           Bank6     LVCMOS25   Input                           TRISTATE                        None                                No                                  Off              ---            ---             Off             Off          ---           ---                ---                ---               
temp_sck       U27   Yes    MSIO16NB3                                Bank3     LVCMOS33   Input                           TRISTATE                        None                                No                                  Off              ---            ---             Off             Off          ---           ---                ---                ---               
