Compile Report
Microsemi Corporation - Microsemi Libero Software Release v11.6 SP1 (Version 11.6.1.6)
Date: Wed Mar 02 20:14:29 2016

Device Selection
+--------------------------------+----------------+
| Family                         | IGLOO2         |
| Device                         | M2GL050T       |
| Package                        | 896 FBGA       |
| Speed Grade                    | -1             |
| Temp                           | -40:25:100     |
| Voltage                        | 1.26:1.20:1.14 |
| Core Voltage                   | 1.2V           |
| Ramp Rate                      | 100ms Minimum  |
| System Controller Suspend Mode | No             |
| PLL Supply Voltage             | 2.5V           |
| Default I/O technology         | LVCMOS 3.3V    |
| Restrict Probe Pins            | Yes            |
| Restrict SPI Pins              | No             |
+--------------------------------+----------------+

Source Files
+---------+--------------------------------------------------------------------------+
| Topcell | led_igloo                                                                |
| Format  | EDIF                                                                     |
| Source  | C:\Projects\Verilog\led_IGLOO\led_2\led_2\synthesis\led_igloo.edn        |
| Source  | C:\Projects\Verilog\led_IGLOO\led_2\led_2\constraint\io\led_igloo.io.pdc |
| Source  | C:\Projects\Verilog\led_IGLOO\led_2\led_2\constraint\fp\led_igloo.fp.pdc |
+---------+--------------------------------------------------------------------------+

Options
+---------------------------------------------------------+-------+
| Merge User SDC file(s) with Existing Timing Constraints | true  |
| Abort Compile if errors are found in PDC file(s)        | true  |
| Enable Single Event Transient mitigation                | false |
| Enable Design Separation Methodology                    | false |
| Limit the number of high fanout nets to display to      | 10    |
+---------------------------------------------------------+-------+

Resource Usage
+---------------------------+------+-------+------------+
| Type                      | Used | Total | Percentage |
+---------------------------+------+-------+------------+
| 4LUT                      | 13   | 56340 | 0.02       |
| DFF                       | 0    | 56340 | 0.00       |
| I/O Register              | 0    | 1125  | 0.00       |
| User I/O                  | 182  | 375   | 48.53      |
| -- Single-ended I/O       | 182  | 375   | 48.53      |
| -- Differential I/O Pairs | 0    | 187   | 0.00       |
| RAM64x18                  | 0    | 72    | 0.00       |
| RAM1K18                   | 0    | 69    | 0.00       |
| MACC                      | 0    | 72    | 0.00       |
| Chip Globals              | 0    | 16    | 0.00       |
| CCC                       | 0    | 6     | 0.00       |
| RCOSC_25_50MHZ            | 0    | 1     | 0.00       |
| RCOSC_1MHZ                | 0    | 1     | 0.00       |
| XTLOSC                    | 0    | 1     | 0.00       |
| SERDESIF Blocks           | 0    | 2     | 0.00       |
| -- SERDESIF Lanes         | 0    | 8     | 0.00       |
| FDDR                      | 0    | 1     | 0.00       |
| HPMS                      | 0    | 1     | 0.00       |
+---------------------------+------+-------+------------+

Detailed Logic Resource Usage
+--------------------------+------+-----+
| Type                     | 4LUT | DFF |
+--------------------------+------+-----+
| Fabric Logic             | 13   | 0   |
| RAM64x18 Interface Logic | 0    | 0   |
| RAM1K18 Interface Logic  | 0    | 0   |
| MACC Interface Logic     | 0    | 0   |
| Total Used               | 13   | 0   |
+--------------------------+------+-----+

I/O Function
+-------------------------------+--------------+-------------+-----------------+
| Type                          | w/o register | w/ register | w/ DDR register |
+-------------------------------+--------------+-------------+-----------------+
| Input I/O                     | 37           | 0           | 0               |
| Output I/O                    | 145          | 0           | 0               |
| Bidirectional I/O             | 0            | 0           | 0               |
| Differential Input I/O Pairs  | 0            | 0           | 0               |
| Differential Output I/O Pairs | 0            | 0           | 0               |
+-------------------------------+--------------+-------------+-----------------+

I/O Technology
+--------------+--------+------+-------+--------+---------------+
| I/O Standard | Vddi   | Vref | Input | Output | Bidirectional |
+--------------+--------+------+-------+--------+---------------+
| LVCMOS33     |  3.30v |  N/A |  36   |  105   |  0            |
| LVCMOS25     |  2.50v |  N/A |  1    |  40    |  0            |
+--------------+--------+------+-------+--------+---------------+

I/O Placement
+----------+-------+------------+
| Type     | Count | Percentage |
+----------+-------+------------+
| Locked   |  78   | 42.86%     |
| Placed   |  0    | 0.00%      |
| UnPlaced |  104  | 57.14%     |
+----------+-------+------------+

Nets assigned to chip global resources
+--------+------+------+
| Fanout | Type | Name |
+--------+------+------+
+--------+------+------+

Nets assigned to row global resources
+--------+------+------+
| Fanout | Type | Name |
+--------+------+------+
+--------+------+------+

High fanout nets
+--------+---------+------------------------------------------------+
| Fanout | Type    | Name                                           |
+--------+---------+------------------------------------------------+
| 2      | INT_NET | Net   : ff_to_start_net                        |
|        |         | Driver: flash_freeze_inst/INST_FLASH_FREEZE_IP |
| 1      | INT_NET | Net   : temp_sck_c                             |
|        |         | Driver: temp_sck_ibuf                          |
| 1      | INT_NET | Net   : temp_csn_c                             |
|        |         | Driver: temp_csn_ibuf                          |
| 1      | INT_NET | Net   : temp3_so_c                             |
|        |         | Driver: temp3_so_ibuf                          |
| 1      | INT_NET | Net   : temp2_so_c                             |
|        |         | Driver: temp2_so_ibuf                          |
| 1      | INT_NET | Net   : temp1_so_c                             |
|        |         | Driver: temp1_so_ibuf                          |
| 1      | INT_NET | Net   : adc_clk_c                              |
|        |         | Driver: adc_clk_ibuf                           |
| 1      | INT_NET | Net   : adc_d0_c[0]                            |
|        |         | Driver: adc_d0_ibuf[0]                         |
| 1      | INT_NET | Net   : adc_d0_c[1]                            |
|        |         | Driver: adc_d0_ibuf[1]                         |
| 1      | INT_NET | Net   : adc_d0_c[2]                            |
|        |         | Driver: adc_d0_ibuf[2]                         |
+--------+---------+------------------------------------------------+

High fanout nets (through buffer trees)
+--------+---------+------------------------------------------------+
| Fanout | Type    | Name                                           |
+--------+---------+------------------------------------------------+
| 2      | INT_NET | Net   : ff_to_start_net                        |
|        |         | Driver: flash_freeze_inst/INST_FLASH_FREEZE_IP |
| 1      | INT_NET | Net   : temp_sck_c                             |
|        |         | Driver: temp_sck_ibuf                          |
| 1      | INT_NET | Net   : temp_csn_c                             |
|        |         | Driver: temp_csn_ibuf                          |
| 1      | INT_NET | Net   : temp3_so_c                             |
|        |         | Driver: temp3_so_ibuf                          |
| 1      | INT_NET | Net   : temp2_so_c                             |
|        |         | Driver: temp2_so_ibuf                          |
| 1      | INT_NET | Net   : temp1_so_c                             |
|        |         | Driver: temp1_so_ibuf                          |
| 1      | INT_NET | Net   : adc_clk_c                              |
|        |         | Driver: adc_clk_ibuf                           |
| 1      | INT_NET | Net   : adc_d0_c[0]                            |
|        |         | Driver: adc_d0_ibuf[0]                         |
| 1      | INT_NET | Net   : adc_d0_c[1]                            |
|        |         | Driver: adc_d0_ibuf[1]                         |
| 1      | INT_NET | Net   : adc_d0_c[2]                            |
|        |         | Driver: adc_d0_ibuf[2]                         |
+--------+---------+------------------------------------------------+

